Collecting fastapi<0.116,>=0.115.0 (from -r requirements.txt (line 1))
  Downloading fastapi-0.115.14-py3-none-any.whl.metadata (27 kB)
Collecting uvicorn<0.32,>=0.30 (from uvicorn[standard]<0.32,>=0.30->-r requirements.txt (line 2))
  Downloading uvicorn-0.31.1-py3-none-any.whl.metadata (6.6 kB)
Collecting pydantic<2.11,>=2.9 (from -r requirements.txt (line 3))
  Downloading pydantic-2.10.6-py3-none-any.whl.metadata (30 kB)
Collecting pulp<2.9,>=2.8 (from -r requirements.txt (line 4))
  Downloading PuLP-2.8.0-py3-none-any.whl.metadata (5.4 kB)
Collecting httpx<0.29,>=0.27 (from -r requirements.txt (line 5))
  Downloading httpx-0.28.1-py3-none-any.whl.metadata (7.1 kB)
Collecting pytest<8.4,>=8.2 (from -r requirements.txt (line 6))
  Downloading pytest-8.3.5-py3-none-any.whl.metadata (7.6 kB)
Collecting pytest-asyncio<0.25,>=0.23 (from -r requirements.txt (line 7))
  Downloading pytest_asyncio-0.24.0-py3-none-any.whl.metadata (3.9 kB)
Collecting starlette<0.47.0,>=0.40.0 (from fastapi<0.116,>=0.115.0->-r requirements.txt (line 1))
  Downloading starlette-0.46.2-py3-none-any.whl.metadata (6.2 kB)
Requirement already satisfied: typing-extensions>=4.8.0 in c:\users\shafah\appdata\local\programs\python\python313\lib\site-packages (from fastapi<0.116,>=0.115.0->-r requirements.txt (line 1)) (4.16.0)
Collecting click>=7.0 (from uvicorn<0.32,>=0.30->uvicorn[standard]<0.32,>=0.30->-r requirements.txt (line 2))
  Downloading click-8.5.0-py3-none-any.whl.metadata (2.6 kB)
Collecting h11>=0.8 (from uvicorn<0.32,>=0.30->uvicorn[standard]<0.32,>=0.30->-r requirements.txt (line 2))
  Downloading h11-0.16.0-py3-none-any.whl.metadata (8.3 kB)
Collecting annotated-types>=0.6.0 (from pydantic<2.11,>=2.9->-r requirements.txt (line 3))
  Downloading annotated_types-0.8.0-py3-none-any.whl.metadata (15 kB)
Collecting pydantic-core==2.27.2 (from pydantic<2.11,>=2.9->-r requirements.txt (line 3))
  Downloading pydantic_core-2.27.2-cp313-cp313-win_amd64.whl.metadata (6.7 kB)
Collecting anyio (from httpx<0.29,>=0.27->-r requirements.txt (line 5))
  Downloading anyio-4.15.1-py3-none-any.whl.metadata (4.7 kB)
Collecting certifi (from httpx<0.29,>=0.27->-r requirements.txt (line 5))
  Downloading certifi-2026.7.22-py3-none-any.whl.metadata (2.5 kB)
Collecting httpcore==1.* (from httpx<0.29,>=0.27->-r requirements.txt (line 5))
  Downloading httpcore-1.0.9-py3-none-any.whl.metadata (21 kB)
Collecting idna (from httpx<0.29,>=0.27->-r requirements.txt (line 5))
  Downloading idna-3.20-py3-none-any.whl.metadata (7.2 kB)
Collecting colorama (from pytest<8.4,>=8.2->-r requirements.txt (line 6))
  Downloading colorama-0.4.6-py2.py3-none-any.whl.metadata (17 kB)
Collecting iniconfig (from pytest<8.4,>=8.2->-r requirements.txt (line 6))
  Downloading iniconfig-2.3.0-py3-none-any.whl.metadata (2.5 kB)
Requirement already satisfied: packaging in c:\users\shafah\appdata\local\programs\python\python313\lib\site-packages (from pytest<8.4,>=8.2->-r requirements.txt (line 6)) (26.3)
Collecting pluggy<2,>=1.5 (from pytest<8.4,>=8.2->-r requirements.txt (line 6))
  Downloading pluggy-1.6.0-py3-none-any.whl.metadata (4.8 kB)
Collecting httptools>=0.5.0 (from uvicorn[standard]<0.32,>=0.30->-r requirements.txt (line 2))
  Downloading httptools-0.8.0-cp313-cp313-win_amd64.whl.metadata (3.7 kB)
Collecting python-dotenv>=0.13 (from uvicorn[standard]<0.32,>=0.30->-r requirements.txt (line 2))
  Downloading python_dotenv-1.2.3-py3-none-any.whl.metadata (29 kB)
Collecting pyyaml>=5.1 (from uvicorn[standard]<0.32,>=0.30->-r requirements.txt (line 2))
  Downloading pyyaml-6.0.3-cp313-cp313-win_amd64.whl.metadata (2.4 kB)
Collecting watchfiles>=0.13 (from uvicorn[standard]<0.32,>=0.30->-r requirements.txt (line 2))
  Downloading watchfiles-1.2.0-cp313-cp313-win_amd64.whl.metadata (5.0 kB)
Collecting websockets>=10.4 (from uvicorn[standard]<0.32,>=0.30->-r requirements.txt (line 2))
  Downloading websockets-17.1-cp313-cp313-win_amd64.whl.metadata (6.5 kB)
Downloading fastapi-0.115.14-py3-none-any.whl (95 kB)
Downloading uvicorn-0.31.1-py3-none-any.whl (63 kB)
Downloading pydantic-2.10.6-py3-none-any.whl (431 kB)
Downloading pydantic_core-2.27.2-cp313-cp313-win_amd64.whl (2.0 MB)
   ---------------------------------------- 2.0/2.0 MB 10.6 MB/s  0:00:00
Downloading PuLP-2.8.0-py3-none-any.whl (17.7 MB)
   ---------------------------------------- 17.7/17.7 MB 6.2 MB/s  0:00:02
Downloading httpx-0.28.1-py3-none-any.whl (73 kB)
Downloading pytest-8.3.5-py3-none-any.whl (343 kB)
Downloading pytest_asyncio-0.24.0-py3-none-any.whl (18 kB)
Downloading httpcore-1.0.9-py3-none-any.whl (78 kB)
Downloading pluggy-1.6.0-py3-none-any.whl (20 kB)
Downloading starlette-0.46.2-py3-none-any.whl (72 kB)
Downloading anyio-4.15.1-py3-none-any.whl (132 kB)
Downloading annotated_types-0.8.0-py3-none-any.whl (13 kB)
Downloading click-8.5.0-py3-none-any.whl (125 kB)
Downloading colorama-0.4.6-py2.py3-none-any.whl (25 kB)
Downloading h11-0.16.0-py3-none-any.whl (37 kB)
Downloading httptools-0.8.0-cp313-cp313-win_amd64.whl (90 kB)
Downloading idna-3.20-py3-none-any.whl (69 kB)
Downloading python_dotenv-1.2.3-py3-none-any.whl (22 kB)
Downloading pyyaml-6.0.3-cp313-cp313-win_amd64.whl (154 kB)
Downloading watchfiles-1.2.0-cp313-cp313-win_amd64.whl (288 kB)
Downloading websockets-17.1-cp313-cp313-win_amd64.whl (217 kB)
Downloading certifi-2026.7.22-py3-none-any.whl (136 kB)
Downloading iniconfig-2.3.0-py3-none-any.whl (7.5 kB)
Installing collected packages: websockets, pyyaml, python-dotenv, pydantic-core, pulp, pluggy, iniconfig, idna, httptools, h11, colorama, click, certifi, annotated-types, uvicorn, pytest, pydantic, httpcore, anyio, watchfiles, starlette, pytest-asyncio, httpx, fastapi

Successfully installed annotated-types-0.8.0 anyio-4.15.1 certifi-2026.7.22 click-8.5.0 colorama-0.4.6 fastapi-0.115.14 h11-0.16.0 httpcore-1.0.9 httptools-0.8.0 httpx-0.28.1 idna-3.20 iniconfig-2.3.0 pluggy-1.6.0 pulp-2.8.0 pydantic-2.10.6 pydantic-core-2.27.2 pytest-8.3.5 pytest-asyncio-0.24.0 python-dotenv-1.2.3 pyyaml-6.0.3 starlette-0.46.2 uvicorn-0.31.1 watchfiles-1.2.0 websockets-17.1

[notice] A new release of pip is available: 25.2 -> 26.2.1
[notice] To update, run: python.exe -m pip install --upgrade pip
